AUTHORS
BUGS
COPYING
HISTORY
INSTALL
README
TODO.txt
_todo.txt
acinclude.m4
aclocal.m4
autorun.bat
autorun.inf
beschreibung.txt
changes.txt
config.h.in
configure.in
dist/control
dist/copyright
dist/mindia.spec
dist/mindia_static.iss
dist/mindia_qt5.iss
dist/rules
do_file_list.sh
example.txt
faq_de.html
index.html
make_dist_deb.sh
make_dist_mac.sh
make_dist_win.bat
make_src_tar.sh
src_files.lst
new_src_files.lst
mindia.desktop
mindia.i
mindia.ico
mindia.m4
mindia.pro
mindia.spec
src/mindia_de.html
src/mindia_en.html
src/mindia_nl.html
mkbindist.bat
mkexamplegz.bat
mkexamplezip.bat
readme.txt
runshow.bat
todo_de.html
gendev/Makefile
gendev/gendev.cpp
gendev/gendev.pro
gendev/igendev.h
minsrv/Makefile
minsrv/dllbase.cpp
minsrv/dllbase.h
minsrv/minbase.cpp
minsrv/minbase.h
minsrv/minsrv.pro
mindiapyc/ScriptDlg.ui
mindiapyc/mindia_wrap.c
mindiapyc/mindia_wrap.cpp
mindiapyc/mindiapy.cpp
mindiapyc/scriptdlgimpl.cpp
mindiapyc/scriptdlgimpl.h
mindiapyc/scriptfcn.cpp
mindiapyc/scriptfcn.h
qt-qtserialport/LICENSE.FDL
qt-qtserialport/LICENSE.GPL
qt-qtserialport/LICENSE.LGPL
qt-qtserialport/README
qt-qtserialport/qt-qtserialport.pro
qt-qtserialport/include/QtSerialPort/QSerialPort
qt-qtserialport/include/QtSerialPort/QSerialPortInfo
qt-qtserialport/include/QtSerialPort/qserialport.h
qt-qtserialport/include/QtSerialPort/qserialportglobal.h
qt-qtserialport/include/QtSerialPort/qserialportinfo.h
qt-qtserialport/src/src.pro
qt-qtserialport/src/serialport/libQtSerialPort_debug.prl
qt-qtserialport/src/serialport/qserialport.cpp
qt-qtserialport/src/serialport/qserialport.h
qt-qtserialport/src/serialport/qserialport_p.h
qt-qtserialport/src/serialport/qserialport_symbian.cpp
qt-qtserialport/src/serialport/qserialport_symbian_p.h
qt-qtserialport/src/serialport/qserialport_unix.cpp
qt-qtserialport/src/serialport/qserialport_unix_p.h
qt-qtserialport/src/serialport/qserialport_win.cpp
qt-qtserialport/src/serialport/qserialport_win_p.h
qt-qtserialport/src/serialport/qserialport_wince.cpp
qt-qtserialport/src/serialport/qserialportglobal.h
qt-qtserialport/src/serialport/qserialportinfo.cpp
qt-qtserialport/src/serialport/qserialportinfo.h
qt-qtserialport/src/serialport/qserialportinfo_mac.cpp
qt-qtserialport/src/serialport/qserialportinfo_p.h
qt-qtserialport/src/serialport/qserialportinfo_symbian.cpp
qt-qtserialport/src/serialport/qserialportinfo_unix.cpp
qt-qtserialport/src/serialport/qserialportinfo_win.cpp
qt-qtserialport/src/serialport/qserialportinfo_wince.cpp
qt-qtserialport/src/serialport/qt4support
qt-qtserialport/src/serialport/qttylocker_unix.cpp
qt-qtserialport/src/serialport/qttylocker_unix_p.h
qt-qtserialport/src/serialport/serialport-lib.pri
qt-qtserialport/src/serialport/serialport.pro
qt-qtserialport/src/serialport/qt4support/install-helper.pri
qt-qtserialport/src/serialport/qt4support/qringbuffer_p.h
qt-qtserialport/src/serialport/qt4support/qwineventnotifier_p.h
qt-qtserialport/src/serialport/qt4support/serialport.prf
src/mindia_de.ts
src/mindia_de.qm
src/mindia_nl.ts
src/mindia_nl.qm
src/qt_de.qm
src/AboutExtDlg4.ui
src/ComLoggingDlg4.ui
src/CommentDlg4.ui
src/ConfigurationDlg4.ui
src/CreateCDDist.ui
src/CreateMovieDlg4.cpp
src/CreateMovieDlg4.h
src/CreateMovieDlg4.ui
src/DiaInfoDlg4.ui
src/DynTextDlg4.ui
src/HelpDlg4.ui
src/Info.plist
src/PlayInfoDlg4.ui
src/PresentationDataDlg4.ui
src/ProjectorControlDlg4.ui
src/SoundInfoDlg4.ui
src/appconfig.cpp
src/appconfig.h
src/applscriptenv.cpp
src/applscriptenv.h
src/comlogimpl.cpp
src/comlogimpl.h
src/commentdlgimpl.cpp
src/commentdlgimpl.h
src/config.h
src/configdlgimpl.cpp
src/configdlgimpl.h
src/diacallback.h
src/diainfo.cpp
src/diainfo.h
src/diainfodlgimpl.cpp
src/diainfodlgimpl.h
src/diapresentation.cpp
src/diapresentation.h
src/diaprojector.cpp
src/diaprojector.h
src/doccontroler.cpp
src/doccontroler.h
src/dyngraphop.cpp
src/dyngraphop.h
src/dyntextdlgimpl.cpp
src/dyntextdlgimpl.h
src/dynamictextitem.cpp
src/dynamictextitem.h
src/helpdlgimpl.cpp
src/helpdlgimpl.h
src/hitem.cpp
src/hitem.h
src/hitemview.cpp
src/hitemview.h
src/iocontainer.h
src/iscript.h
src/main.cpp
src/mincmdproc.cpp
src/mincmdproc.h
src/mindia.rc
src/mindia.qrc
src/mindia_new.png
src/mindia_256x256.ico
src/mindia_512x512.icns
src/mindia_new.icns
src/mindia_new.ico
src/mindia_new.xcf
src/mindiawindow.cpp
src/mindiawindow.h
src/minexception.h
src/minhandle.h
src/minisound.cpp
src/minisound.h
src/minlog.h
src/minutils.cpp
src/minutils.h
src/misctools.cpp
src/misctools.h
src/pcdlgimpl.cpp
src/pcdlgimpl.h
src/pddlgimpl.cpp
src/pddlgimpl.h
src/playinfodlgimpl.cpp
src/playinfodlgimpl.h
src/playinfographicsview.cpp
src/playinfographicsview.h
src/qtmtlock.cpp
src/qtmtlock.h
src/resource.h
src/rolleicom.cpp
src/rolleicom.h
src/sndinfodlgimpl.cpp
src/sndinfodlgimpl.h
src/soundinfo.cpp
src/soundinfo.h
src/src.pro
src/timelineaxis.cpp
src/timelineaxis.h
src/timelineitem.cpp
src/timelineitem.h
src/timelineview.cpp
src/timelineview.h
src/timerjobproc.cpp
src/timerjobproc.h
src/playscreenediting.cpp
src/playscreenediting.h
src/graphicsitemresizeablerect.cpp
src/graphicsitemresizeablerect.h
src/writexml.cpp
src/writexml.h
src/icons/background.png
src/icons/display.png
src/icons/thumbnail.png
src/icons/tv.png
src/icons/fullscreen.png
src/icons/stop.png
src/icons/savefile.png
src/icons/run.png
src/icons/pause.png
src/icons/openfile.png
scripts/CreateCDDist.py
scripts/CreateCDDist.ui
scripts/_modules.py
scripts/_path.py
scripts/_settime.py
scripts/_texttest.py
scripts/_tkmsg.py
scripts/_tktest.py
scripts/cleartext.py
scripts/copy2zaurus.py
scripts/domsg.py
scripts/exportcsv.py
scripts/fade.py
scripts/fadeout.py
scripts/gui_cddist.py
scripts/importcsv.py
scripts/importimagedir.py
scripts/jpg2bmp.py
scripts/loadsucc.py
scripts/makecddist.py
scripts/mindiapy.py
scripts/qtmsg.py
scripts/qtwintest.py
scripts/resizejpg.py
scripts/show_startup.py
scripts/showplaydlg.py
scripts/showtext.py
scripts/simple.py
scripts/startupdlg.py
scripts/verifyshow.py
scripts/wxwintest.py