AUTHORS
BUGS
COPYING
HISTORY
INSTALL
README
_todo.txt
acinclude.m4
aclocal.m4
autorun.bat
autorun.inf
beschreibung.txt
changes.txt
config.h.in
configure
configure.in
do_file_list.sh
dotgz
dowzip.bat
dowzipn.bat
dozip.bat
faq_de.html
index.html
installapp
make_dist_deb.sh
make_dist_mac.sh
make_dist_win.bat
make_src_tar.sh
mindia.pro
mindia.i
mindia.ico
mindia.m4
mindia.po
mindia.spec
mindia_de.html
mindia_de.po
mindia_de.qm
mindia_en.html
mindia_nl.html
mindia_nl.po
mindia_nl.qm
mkbindist.bat
qt_de.qm
readme.txt
runshow.bat
src_files.lst
todo_de.html
dist/control
dist/copyright
dist/mindia.spec
dist/mindia_static.iss
dist/rules
gendev/gendev.cpp
gendev/gendev.pro
gendev/igendev.h
minsrv/dllbase.cpp
minsrv/dllbase.h
minsrv/minbase.cpp
minsrv/minbase.h
minsrv/miniini.cpp
minsrv/miniini.h
minsrv/minsrv.pro
src/AboutExtDlg4.ui
src/ComLoggingDlg4.ui
src/CommentDlg4.ui
src/ConfigPlayerDlg4.ui
src/ConfigurationDlg4.ui
src/CreateCDDist.ui
src/CreateMovieDlg4.cpp
src/CreateMovieDlg4.h
src/CreateMovieDlg4.ui
src/DiaInfoDlg4.ui
src/DynTextDlg4.ui
src/EventMapDlg.ui
src/HelpDlg4.ui
src/Info.plist
src/PlayInfoDlg4.ui
src/PresentationDataDlg4.ui
src/ProjectorControlDlg4.ui
src/SoundInfoDlg4.ui
src/appconfig.cpp
src/appconfig.h
src/applscriptenv.cpp
src/applscriptenv.h
src/comlogimpl.cpp
src/comlogimpl.h
src/commentdlgimpl.cpp
src/commentdlgimpl.h
src/config.h
src/configdlgimpl.cpp
src/configdlgimpl.h
src/configplayerdlgimpl.cpp
src/configplayerdlgimpl.h
src/diacallback.h
src/diainfo.cpp
src/diainfo.h
src/diainfodlgimpl.cpp
src/diainfodlgimpl.h
src/diapresentation.cpp
src/diapresentation.h
src/diaprojector.cpp
src/diaprojector.h
src/dllexport.h
src/doccontroler.cpp
src/doccontroler.h
src/dyngraphop.cpp
src/dyngraphop.h
src/dyntextdlgimpl.cpp
src/dyntextdlgimpl.h
src/eventmapdlgimpl.cpp
src/eventmapdlgimpl.h
src/global_patch.h
src/helpdlgimpl.cpp
src/helpdlgimpl.h
src/hitem.cpp
src/hitem.h
src/hitemview.cpp
src/hitemview.h
src/icons.xpm
src/iniconst.h
src/iocontainer.h
src/iscript.h
src/mac_rs232_output.txt
src/main.cpp
src/mincmdproc.cpp
src/mincmdproc.h
src/mindia.rc
src/mindia_512x512.icns
src/mindiawindow.cpp
src/mindiawindow.h
src/minexception.h
src/minhandle.h
src/minisound.cpp
src/minisound.h
src/minlog.h
src/minutils.cpp
src/minutils.h
src/misctools.cpp
src/misctools.h
src/mp3file.cpp
src/mp3file.h
src/osdep2.h
src/pcdlgimpl.cpp
src/pcdlgimpl.h
src/pddlgimpl.cpp
src/pddlgimpl.h
src/playinfodlgimpl.cpp
src/playinfodlgimpl.h
src/qtmtlock.cpp
src/qtmtlock.h
src/read_mp3.cpp
src/resource.h
src/rolleicom.cpp
src/rolleicom.h
src/rolleicom_test_ok.cpp
src/sndinfodlgimpl.cpp
src/sndinfodlgimpl.h
src/soundinfo.cpp
src/soundinfo.h
src/src.pro
src/sysdep.h
src/sysdep1.c
src/timelineaxis.cpp
src/timelineaxis.h
src/timelineitem.cpp
src/timelineitem.h
src/timelineview.cpp
src/timelineview.h
src/timerjobproc.cpp
src/timerjobproc.h
src/wavfile.cpp
src/wavfile.h
src/win_rs232_output.txt
src/writexml.cpp
src/writexml.h
mindiapyc/ScriptDlg.ui
mindiapyc/_minutils.cpp
mindiapyc/mindia_wrap.c
mindiapyc/mindia_wrap.cpp
mindiapyc/mindiapy.cpp
mindiapyc/scriptdlgimpl.cpp
mindiapyc/scriptdlgimpl.h
mindiapyc/scriptfcn.cpp
mindiapyc/scriptfcn.h
scripts/CreateCDDist.py
scripts/CreateCDDist.ui
scripts/_modules.py
scripts/_path.py
scripts/_settime.py
scripts/_texttest.py
scripts/_tkmsg.py
scripts/_tktest.py
scripts/cleartext.py
scripts/copy2zaurus.py
scripts/domsg.py
scripts/exportcsv.py
scripts/fade.py
scripts/fadeout.py
scripts/gui_cddist.py
scripts/importcsv.py
scripts/importimagedir.py
scripts/jpg2bmp.py
scripts/loadsucc.py
scripts/makecddist.py
scripts/mindiapy.py
scripts/qtmsg.py
scripts/qtwintest.py
scripts/resizejpg.py
scripts/show_startup.py
scripts/showplaydlg.py
scripts/showtext.py
scripts/simple.py
scripts/startupdlg.py
scripts/verifyshow.py
scripts/wxwintest.py